Archive member included to satisfy reference by file (symbol)

C:/ST/STM32CubeCLT_1.16.0/GNU-tools-for-STM32/bin/../lib/gcc/arm-none-eabi/12.3.1/../../../../arm-none-eabi/lib/thumb/v7e-m+fp/hard\libc_nano.a(libc_a-exit.o)
                              C:/ST/STM32CubeCLT_1.16.0/GNU-tools-for-STM32/bin/../lib/gcc/arm-none-eabi/12.3.1/../../../../arm-none-eabi/lib/thumb/v7e-m+fp/hard/crt0.o (exit)
C:/ST/STM32CubeCLT_1.16.0/GNU-tools-for-STM32/bin/../lib/gcc/arm-none-eabi/12.3.1/../../../../arm-none-eabi/lib/thumb/v7e-m+fp/hard\libc_nano.a(libc_a-findfp.o)
                              C:/ST/STM32CubeCLT_1.16.0/GNU-tools-for-STM32/bin/../lib/gcc/arm-none-eabi/12.3.1/../../../../arm-none-eabi/lib/thumb/v7e-m+fp/hard\libc_nano.a(libc_a-exit.o) (__stdio_exit_handler)
C:/ST/STM32CubeCLT_1.16.0/GNU-tools-for-STM32/bin/../lib/gcc/arm-none-eabi/12.3.1/../../../../arm-none-eabi/lib/thumb/v7e-m+fp/hard\libc_nano.a(libc_a-fwalk.o)
                              C:/ST/STM32CubeCLT_1.16.0/GNU-tools-for-STM32/bin/../lib/gcc/arm-none-eabi/12.3.1/../../../../arm-none-eabi/lib/thumb/v7e-m+fp/hard\libc_nano.a(libc_a-findfp.o) (_fwalk_sglue)
C:/ST/STM32CubeCLT_1.16.0/GNU-tools-for-STM32/bin/../lib/gcc/arm-none-eabi/12.3.1/../../../../arm-none-eabi/lib/thumb/v7e-m+fp/hard\libc_nano.a(libc_a-stdio.o)
                              C:/ST/STM32CubeCLT_1.16.0/GNU-tools-for-STM32/bin/../lib/gcc/arm-none-eabi/12.3.1/../../../../arm-none-eabi/lib/thumb/v7e-m+fp/hard\libc_nano.a(libc_a-findfp.o) (__sread)
C:/ST/STM32CubeCLT_1.16.0/GNU-tools-for-STM32/bin/../lib/gcc/arm-none-eabi/12.3.1/../../../../arm-none-eabi/lib/thumb/v7e-m+fp/hard\libc_nano.a(libc_a-memset.o)
                              C:/ST/STM32CubeCLT_1.16.0/GNU-tools-for-STM32/bin/../lib/gcc/arm-none-eabi/12.3.1/../../../../arm-none-eabi/lib/thumb/v7e-m+fp/hard/crt0.o (memset)
C:/ST/STM32CubeCLT_1.16.0/GNU-tools-for-STM32/bin/../lib/gcc/arm-none-eabi/12.3.1/../../../../arm-none-eabi/lib/thumb/v7e-m+fp/hard\libc_nano.a(libc_a-closer.o)
                              C:/ST/STM32CubeCLT_1.16.0/GNU-tools-for-STM32/bin/../lib/gcc/arm-none-eabi/12.3.1/../../../../arm-none-eabi/lib/thumb/v7e-m+fp/hard\libc_nano.a(libc_a-stdio.o) (_close_r)
C:/ST/STM32CubeCLT_1.16.0/GNU-tools-for-STM32/bin/../lib/gcc/arm-none-eabi/12.3.1/../../../../arm-none-eabi/lib/thumb/v7e-m+fp/hard\libc_nano.a(libc_a-reent.o)
                              C:/ST/STM32CubeCLT_1.16.0/GNU-tools-for-STM32/bin/../lib/gcc/arm-none-eabi/12.3.1/../../../../arm-none-eabi/lib/thumb/v7e-m+fp/hard\libc_nano.a(libc_a-closer.o) (errno)
C:/ST/STM32CubeCLT_1.16.0/GNU-tools-for-STM32/bin/../lib/gcc/arm-none-eabi/12.3.1/../../../../arm-none-eabi/lib/thumb/v7e-m+fp/hard\libc_nano.a(libc_a-impure.o)
                              C:/ST/STM32CubeCLT_1.16.0/GNU-tools-for-STM32/bin/../lib/gcc/arm-none-eabi/12.3.1/../../../../arm-none-eabi/lib/thumb/v7e-m+fp/hard\libc_nano.a(libc_a-reent.o) (_impure_ptr)
C:/ST/STM32CubeCLT_1.16.0/GNU-tools-for-STM32/bin/../lib/gcc/arm-none-eabi/12.3.1/../../../../arm-none-eabi/lib/thumb/v7e-m+fp/hard\libc_nano.a(libc_a-lseekr.o)
                              C:/ST/STM32CubeCLT_1.16.0/GNU-tools-for-STM32/bin/../lib/gcc/arm-none-eabi/12.3.1/../../../../arm-none-eabi/lib/thumb/v7e-m+fp/hard\libc_nano.a(libc_a-stdio.o) (_lseek_r)
C:/ST/STM32CubeCLT_1.16.0/GNU-tools-for-STM32/bin/../lib/gcc/arm-none-eabi/12.3.1/../../../../arm-none-eabi/lib/thumb/v7e-m+fp/hard\libc_nano.a(libc_a-readr.o)
                              C:/ST/STM32CubeCLT_1.16.0/GNU-tools-for-STM32/bin/../lib/gcc/arm-none-eabi/12.3.1/../../../../arm-none-eabi/lib/thumb/v7e-m+fp/hard\libc_nano.a(libc_a-stdio.o) (_read_r)
C:/ST/STM32CubeCLT_1.16.0/GNU-tools-for-STM32/bin/../lib/gcc/arm-none-eabi/12.3.1/../../../../arm-none-eabi/lib/thumb/v7e-m+fp/hard\libc_nano.a(libc_a-writer.o)
                              C:/ST/STM32CubeCLT_1.16.0/GNU-tools-for-STM32/bin/../lib/gcc/arm-none-eabi/12.3.1/../../../../arm-none-eabi/lib/thumb/v7e-m+fp/hard\libc_nano.a(libc_a-stdio.o) (_write_r)
C:/ST/STM32CubeCLT_1.16.0/GNU-tools-for-STM32/bin/../lib/gcc/arm-none-eabi/12.3.1/../../../../arm-none-eabi/lib/thumb/v7e-m+fp/hard\libc_nano.a(libc_a-init.o)
                              C:/ST/STM32CubeCLT_1.16.0/GNU-tools-for-STM32/bin/../lib/gcc/arm-none-eabi/12.3.1/../../../../arm-none-eabi/lib/thumb/v7e-m+fp/hard/crt0.o (__libc_init_array)
C:/ST/STM32CubeCLT_1.16.0/GNU-tools-for-STM32/bin/../lib/gcc/arm-none-eabi/12.3.1/../../../../arm-none-eabi/lib/thumb/v7e-m+fp/hard\libc_nano.a(libc_a-lock.o)
                              C:/ST/STM32CubeCLT_1.16.0/GNU-tools-for-STM32/bin/../lib/gcc/arm-none-eabi/12.3.1/../../../../arm-none-eabi/lib/thumb/v7e-m+fp/hard\libc_nano.a(libc_a-findfp.o) (__retarget_lock_init_recursive)
C:/ST/STM32CubeCLT_1.16.0/GNU-tools-for-STM32/bin/../lib/gcc/arm-none-eabi/12.3.1/../../../../arm-none-eabi/lib/thumb/v7e-m+fp/hard\libc_nano.a(libc_a-freer.o)
[...]
Memory Configuration

Name             Origin             Length             Attributes
RAM              0x20000000         0x00020000         xrw
FLASH            0x08000000         0x00080000         xr
*default*        0x00000000         0xffffffff

Linker script and memory map

LOAD C:/ST/STM32CubeCLT_1.16.0/GNU-tools-for-STM32/bin/../lib/gcc/arm-none-eabi/12.3.1/thumb/v7e-m+fp/hard/crti.o
LOAD C:/ST/STM32CubeCLT_1.16.0/GNU-tools-for-STM32/bin/../lib/gcc/arm-none-eabi/12.3.1/thumb/v7e-m+fp/hard/crtbegin.o
LOAD C:/ST/STM32CubeCLT_1.16.0/GNU-tools-for-STM32/bin/../lib/gcc/arm-none-eabi/12.3.1/../../../../arm-none-eabi/lib/thumb/v7e-m+fp/hard/crt0.o
START GROUP
LOAD C:/ST/STM32CubeCLT_1.16.0/GNU-tools-for-STM32/bin/../lib/gcc/arm-none-eabi/12.3.1/../../../../arm-none-eabi/lib/thumb/v7e-m+fp/hard\libc_nano.a
LOAD C:/ST/STM32CubeCLT_1.16.0/GNU-tools-for-STM32/bin/../lib/gcc/arm-none-eabi/12.3.1/../../../../arm-none-eabi/lib/thumb/v7e-m+fp/hard\libm.a
END GROUP
LOAD CMakeFiles/TimerX.dir/Core/Src/main.c.obj
LOAD CMakeFiles/TimerX.dir/Core/Src/stm32f4xx_it.c.obj
LOAD CMakeFiles/TimerX.dir/Core/Src/stm32f4xx_hal_msp.c.obj
LOAD CMakeFiles/TimerX.dir/Drivers/STM32F4xx_HAL_Driver/Src/stm32f4xx_hal_tim.c.obj
LOAD CMakeFiles/TimerX.dir/Drivers/STM32F4xx_HAL_Driver/Src/stm32f4xx_hal_tim_ex.c.obj
LOAD CMakeFiles/TimerX.dir/Drivers/STM32F4xx_HAL_Driver/Src/stm32f4xx_hal_rcc.c.obj
LOAD CMakeFiles/TimerX.dir/Drivers/STM32F4xx_HAL_Driver/Src/stm32f4xx_hal_rcc_ex.c.obj
LOAD CMakeFiles/TimerX.dir/Drivers/STM32F4xx_HAL_Driver/Src/stm32f4xx_hal_flash.c.obj
LOAD CMakeFiles/TimerX.dir/Drivers/STM32F4xx_HAL_Driver/Src/stm32f4xx_hal_flash_ex.c.obj
LOAD CMakeFiles/TimerX.dir/Drivers/STM32F4xx_HAL_Driver/Src/stm32f4xx_hal_flash_ramfunc.c.obj
LOAD CMakeFiles/TimerX.dir/Drivers/STM32F4xx_HAL_Driver/Src/stm32f4xx_hal_gpio.c.obj
LOAD CMakeFiles/TimerX.dir/Drivers/STM32F4xx_HAL_Driver/Src/stm32f4xx_hal_dma_ex.c.obj
LOAD CMakeFiles/TimerX.dir/Drivers/STM32F4xx_HAL_Driver/Src/stm32f4xx_hal_dma.c.obj
LOAD CMakeFiles/TimerX.dir/Drivers/STM32F4xx_HAL_Driver/Src/stm32f4xx_hal_pwr.c.obj
LOAD CMakeFiles/TimerX.dir/Drivers/STM32F4xx_HAL_Driver/Src/stm32f4xx_hal_pwr_ex.c.obj
LOAD CMakeFiles/TimerX.dir/Drivers/STM32F4xx_HAL_Driver/Src/stm32f4xx_hal_cortex.c.obj
LOAD CMakeFiles/TimerX.dir/Drivers/STM32F4xx_HAL_Driver/Src/stm32f4xx_hal.c.obj
LOAD CMakeFiles/TimerX.dir/Drivers/STM32F4xx_HAL_Driver/Src/stm32f4xx_hal_exti.c.obj
LOAD CMakeFiles/TimerX.dir/Core/Src/system_stm32f4xx.c.obj
LOAD CMakeFiles/TimerX.dir/Core/Src/sysmem.c.obj
LOAD CMakeFiles/TimerX.dir/Core/Src/syscalls.c.obj
LOAD CMakeFiles/TimerX.dir/startup_stm32f411xe.s.obj
START GROUP
LOAD C:/ST/STM32CubeCLT_1.16.0/GNU-tools-for-STM32/bin/../lib/gcc/arm-none-eabi/12.3.1/thumb/v7e-m+fp/hard\libgcc.a
LOAD C:/ST/STM32CubeCLT_1.16.0/GNU-tools-for-STM32/bin/../lib/gcc/arm-none-eabi/12.3.1/../../../../arm-none-eabi/lib/thumb/v7e-m+fp/hard\libg_nano.a
LOAD C:/ST/STM32CubeCLT_1.16.0/GNU-tools-for-STM32/bin/../lib/gcc/arm-none-eabi/12.3.1/../../../../arm-none-eabi/lib/thumb/v7e-m+fp/hard\libc_nano.a
END GROUP
START GROUP
LOAD C:/ST/STM32CubeCLT_1.16.0/GNU-tools-for-STM32/bin/../lib/gcc/arm-none-eabi/12.3.1/thumb/v7e-m+fp/hard\libgcc.a
LOAD C:/ST/STM32CubeCLT_1.16.0/GNU-tools-for-STM32/bin/../lib/gcc/arm-none-eabi/12.3.1/../../../../arm-none-eabi/lib/thumb/v7e-m+fp/hard\libc_nano.a
END GROUP
LOAD C:/ST/STM32CubeCLT_1.16.0/GNU-tools-for-STM32/bin/../lib/gcc/arm-none-eabi/12.3.1/thumb/v7e-m+fp/hard/crtend.o
LOAD C:/ST/STM32CubeCLT_1.16.0/GNU-tools-for-STM32/bin/../lib/gcc/arm-none-eabi/12.3.1/thumb/v7e-m+fp/hard/crtn.o
                0x20020000                        _estack = (ORIGIN (RAM) + LENGTH (RAM))
                0x00000200                        _Min_Heap_Size = 0x200
                0x00000400                        _Min_Stack_Size = 0x400

.isr_vector     0x08000000      0x198
                0x08000000                        . = ALIGN (0x4)
 *(.isr_vector)
 .isr_vector    0x08000000      0x198 CMakeFiles/TimerX.dir/startup_stm32f411xe.s.obj
                0x08000000                g_pfnVectors
                0x08000198                        . = ALIGN (0x4)

.text           0x08000198     0x1f78
                0x08000198                        . = ALIGN (0x4)
 *(.text)
 .text          0x08000198       0x40 C:/ST/STM32CubeCLT_1.16.0/GNU-tools-for-STM32/bin/../lib/gcc/arm-none-eabi/12.3.1/thumb/v7e-m+fp/hard/crtbegin.o
 .text          0x080001d8       0x30 C:/ST/STM32CubeCLT_1.16.0/GNU-tools-for-STM32/bin/../lib/gcc/arm-none-eabi/12.3.1/thumb/v7e-m+fp/hard\libgcc.a(_aeabi_uldivmod.o)
                0x080001d8                __aeabi_uldivmod
 .text          0x08000208      0x2bc C:/ST/STM32CubeCLT_1.16.0/GNU-tools-for-STM32/bin/../lib/gcc/arm-none-eabi/12.3.1/thumb/v7e-m+fp/hard\libgcc.a(_udivmoddi4.o)
                0x08000208                __udivmoddi4
 .text          0x080004c4        0x4 C:/ST/STM32CubeCLT_1.16.0/GNU-tools-for-STM32/bin/../lib/gcc/arm-none-eabi/12.3.1/thumb/v7e-m+fp/hard\libgcc.a(_dvmd_tls.o)
                0x080004c4                __aeabi_idiv0
                0x080004c4                __aeabi_ldiv0
 *(.text*)
 .text.memset   0x080004c8       0x10 C:/ST/STM32CubeCLT_1.16.0/GNU-tools-for-STM32/bin/../lib/gcc/arm-none-eabi/12.3.1/../../../../arm-none-eabi/lib/thumb/v7e-m+fp/hard\libc_nano.a(libc_a-memset.o)
                0x080004c8                memset
 .text.__libc_init_array
                0x080004d8       0x48 C:/ST/STM32CubeCLT_1.16.0/GNU-tools-for-STM32/bin/../lib/gcc/arm-none-eabi/12.3.1/../../../../arm-none-eabi/lib/thumb/v7e-m+fp/hard\libc_nano.a(libc_a-init.o)
                0x080004d8                __libc_init_array
 .text.main     0x08000520       0x24 CMakeFiles/TimerX.dir/Core/Src/main.c.obj
                0x08000520                main
 .text.SystemClock_Config
                0x08000544       0xbc CMakeFiles/TimerX.dir/Core/Src/main.c.obj
                0x08000544                SystemClock_Config
 .text.MX_TIM2_Init
                0x08000600       0x9c CMakeFiles/TimerX.dir/Core/Src/main.c.obj
 .text.MX_GPIO_Init
                0x0800069c       0xd4 CMakeFiles/TimerX.dir/Core/Src/main.c.obj
 .text.Error_Handler
                0x08000770        0xc CMakeFiles/TimerX.dir/Core/Src/main.c.obj
                0x08000770                Error_Handler
 .text.NMI_Handler
                0x0800077c        0x8 CMakeFiles/TimerX.dir/Core/Src/stm32f4xx_it.c.obj
                0x0800077c                NMI_Handler
 .text.HardFault_Handler
                0x08000784        0x8 CMakeFiles/TimerX.dir/Core/Src/stm32f4xx_it.c.obj
                0x08000784                HardFault_Handler
 .text.MemManage_Handler
                0x0800078c        0x8 CMakeFiles/TimerX.dir/Core/Src/stm32f4xx_it.c.obj
                0x0800078c                MemManage_Handler
 .text.BusFault_Handler
                0x08000794        0x8 CMakeFiles/TimerX.dir/Core/Src/stm32f4xx_it.c.obj
                0x08000794                BusFault_Handler
 .text.UsageFault_Handler
                0x0800079c        0x8 CMakeFiles/TimerX.dir/Core/Src/stm32f4xx_it.c.obj
                0x0800079c                UsageFault_Handler
 .text.SVC_Handler
                0x080007a4        0xe CMakeFiles/TimerX.dir/Core/Src/stm32f4xx_it.c.obj
                0x080007a4                SVC_Handler
 .text.DebugMon_Handler
                0x080007b2        0xe CMakeFiles/TimerX.dir/Core/Src/stm32f4xx_it.c.obj
                0x080007b2                DebugMon_Handler
 .text.PendSV_Handler
                0x080007c0        0xe CMakeFiles/TimerX.dir/Core/Src/stm32f4xx_it.c.obj
                0x080007c0                PendSV_Handler
 .text.SysTick_Handler
                0x080007ce        0xc CMakeFiles/TimerX.dir/Core/Src/stm32f4xx_it.c.obj
                0x080007ce                SysTick_Handler
 .text.PVD_IRQHandler
                0x080007da        0xc CMakeFiles/TimerX.dir/Core/Src/stm32f4xx_it.c.obj
                0x080007da                PVD_IRQHandler
 .text.EXTI0_IRQHandler
                0x080007e6        0xe CMakeFiles/TimerX.dir/Core/Src/stm32f4xx_it.c.obj
                0x080007e6                EXTI0_IRQHandler
 .text.TIM2_IRQHandler
                0x080007f4       0x20 CMakeFiles/TimerX.dir/Core/Src/stm32f4xx_it.c.obj
                0x080007f4                TIM2_IRQHandler
 .text.HAL_MspInit
                0x08000814       0x5c CMakeFiles/TimerX.dir/Core/Src/stm32f4xx_hal_msp.c.obj
                0x08000814                HAL_MspInit
 .text.HAL_TIM_Base_MspInit
                0x08000870       0x4c CMakeFiles/TimerX.dir/Core/Src/stm32f4xx_hal_msp.c.obj
                0x08000870                HAL_TIM_Base_MspInit
 .text.HAL_TIM_Base_Init
                0x080008bc       0x9e CMakeFiles/TimerX.dir/Drivers/STM32F4xx_HAL_Driver/Src/stm32f4xx_hal_tim.c.obj
                0x080008bc                HAL_TIM_Base_Init
 *fill*         0x0800095a        0x2 
 .text.HAL_TIM_Base_Start_IT
                0x0800095c       0xc4 CMakeFiles/TimerX.dir/Drivers/STM32F4xx_HAL_Driver/Src/stm32f4xx_hal_tim.c.obj
                0x0800095c                HAL_TIM_Base_Start_IT
 .text.HAL_TIM_IRQHandler
                0x08000a20      0x1e0 CMakeFiles/TimerX.dir/Drivers/STM32F4xx_HAL_Driver/Src/stm32f4xx_hal_tim.c.obj
                0x08000a20                HAL_TIM_IRQHandler
 .text.HAL_TIM_ConfigClockSource
                0x08000c00      0x18e CMakeFiles/TimerX.dir/Drivers/STM32F4xx_HAL_Driver/Src/stm32f4xx_hal_tim.c.obj
                0x08000c00                HAL_TIM_ConfigClockSource
 .text.HAL_TIM_PeriodElapsedCallback
                0x08000d8e       0x14 CMakeFiles/TimerX.dir/Drivers/STM32F4xx_HAL_Driver/Src/stm32f4xx_hal_tim.c.obj
                0x08000d8e                HAL_TIM_PeriodElapsedCallback
 .text.HAL_TIM_OC_DelayElapsedCallback
                0x08000da2       0x14 CMakeFiles/TimerX.dir/Drivers/STM32F4xx_HAL_Driver/Src/stm32f4xx_hal_tim.c.obj
                0x08000da2                HAL_TIM_OC_DelayElapsedCallback
 .text.HAL_TIM_IC_CaptureCallback
                0x08000db6       0x14 CMakeFiles/TimerX.dir/Drivers/STM32F4xx_HAL_Driver/Src/stm32f4xx_hal_tim.c.obj
                0x08000db6                HAL_TIM_IC_CaptureCallback
 .text.HAL_TIM_PWM_PulseFinishedCallback
                0x08000dca       0x14 CMakeFiles/TimerX.dir/Drivers/STM32F4xx_HAL_Driver/Src/stm32f4xx_hal_tim.c.obj
                0x08000dca                HAL_TIM_PWM_PulseFinishedCallback
 .text.HAL_TIM_TriggerCallback
                0x08000dde       0x14 CMakeFiles/TimerX.dir/Drivers/STM32F4xx_HAL_Driver/Src/stm32f4xx_hal_tim.c.obj
                0x08000dde                HAL_TIM_TriggerCallback
 *fill*         0x08000df2        0x2 
 .text.TIM_Base_SetConfig
                0x08000df4      0x118 CMakeFiles/TimerX.dir/Drivers/STM32F4xx_HAL_Driver/Src/stm32f4xx_hal_tim.c.obj
                0x08000df4                TIM_Base_SetConfig
 .text.TIM_TI1_ConfigInputStage
                0x08000f0c       0x5e CMakeFiles/TimerX.dir/Drivers/STM32F4xx_HAL_Driver/Src/stm32f4xx_hal_tim.c.obj
 .text.TIM_TI2_ConfigInputStage
                0x08000f6a       0x60 CMakeFiles/TimerX.dir/Drivers/STM32F4xx_HAL_Driver/Src/stm32f4xx_hal_tim.c.obj
 .text.TIM_ITRx_SetConfig
                0x08000fca       0x36 CMakeFiles/TimerX.dir/Drivers/STM32F4xx_HAL_Driver/Src/stm32f4xx_hal_tim.c.obj
 .text.TIM_ETR_SetConfig
                0x08001000       0x40 CMakeFiles/TimerX.dir/Drivers/STM32F4xx_HAL_Driver/Src/stm32f4xx_hal_tim.c.obj
                0x08001000                TIM_ETR_SetConfig
 .text.HAL_TIMEx_MasterConfigSynchronization
                0x08001040       0xdc CMakeFiles/TimerX.dir/Drivers/STM32F4xx_HAL_Driver/Src/stm32f4xx_hal_tim_ex.c.obj
                0x08001040                HAL_TIMEx_MasterConfigSynchronization
 .text.HAL_TIMEx_CommutCallback
                0x0800111c       0x14 CMakeFiles/TimerX.dir/Drivers/STM32F4xx_HAL_Driver/Src/stm32f4xx_hal_tim_ex.c.obj
                0x0800111c                HAL_TIMEx_CommutCallback
 .text.HAL_TIMEx_BreakCallback
                0x08001130       0x14 CMakeFiles/TimerX.dir/Drivers/STM32F4xx_HAL_Driver/Src/stm32f4xx_hal_tim_ex.c.obj
                0x08001130                HAL_TIMEx_BreakCallback
 .text.HAL_RCC_OscConfig
                0x08001144      0x4f0 CMakeFiles/TimerX.dir/Drivers/STM32F4xx_HAL_Driver/Src/stm32f4xx_hal_rcc.c.obj
                0x08001144                HAL_RCC_OscConfig
 .text.HAL_RCC_ClockConfig
                0x08001634      0x1cc CMakeFiles/TimerX.dir/Drivers/STM32F4xx_HAL_Driver/Src/stm32f4xx_hal_rcc.c.obj
                0x08001634                HAL_RCC_ClockConfig
 .text.HAL_RCC_GetSysClockFreq
                0x08001800      0x18c CMakeFiles/TimerX.dir/Drivers/STM32F4xx_HAL_Driver/Src/stm32f4xx_hal_rcc.c.obj
                0x08001800                HAL_RCC_GetSysClockFreq
 .text.HAL_GPIO_Init
                0x0800198c      0x308 CMakeFiles/TimerX.dir/Drivers/STM32F4xx_HAL_Driver/Src/stm32f4xx_hal_gpio.c.obj
                0x0800198c                HAL_GPIO_Init
 .text.HAL_GPIO_WritePin
                0x08001c94       0x32 CMakeFiles/TimerX.dir/Drivers/STM32F4xx_HAL_Driver/Src/stm32f4xx_hal_gpio.c.obj
                0x08001c94                HAL_GPIO_WritePin
 .text.HAL_GPIO_TogglePin
                0x08001cc6       0x34 CMakeFiles/TimerX.dir/Drivers/STM32F4xx_HAL_Driver/Src/stm32f4xx_hal_gpio.c.obj
                0x08001cc6                HAL_GPIO_TogglePin
 *fill*         0x08001cfa        0x2 
 .text.HAL_GPIO_EXTI_IRQHandler
                0x08001cfc       0x30 CMakeFiles/TimerX.dir/Drivers/STM32F4xx_HAL_Driver/Src/stm32f4xx_hal_gpio.c.obj
                0x08001cfc                HAL_GPIO_EXTI_IRQHandler
 .text.HAL_GPIO_EXTI_Callback
                0x08001d2c       0x16 CMakeFiles/TimerX.dir/Drivers/STM32F4xx_HAL_Driver/Src/stm32f4xx_hal_gpio.c.obj
                0x08001d2c                HAL_GPIO_EXTI_Callback
 *fill*         0x08001d42        0x2 
 .text.HAL_PWR_PVD_IRQHandler
                0x08001d44       0x24 CMakeFiles/TimerX.dir/Drivers/STM32F4xx_HAL_Driver/Src/stm32f4xx_hal_pwr.c.obj
                0x08001d44                HAL_PWR_PVD_IRQHandler
 .text.HAL_PWR_PVDCallback
                0x08001d68        0xe CMakeFiles/TimerX.dir/Drivers/STM32F4xx_HAL_Driver/Src/stm32f4xx_hal_pwr.c.obj
                0x08001d68                HAL_PWR_PVDCallback
 *fill*         0x08001d76        0x2 
 .text.__NVIC_SetPriorityGrouping
                0x08001d78       0x48 CMakeFiles/TimerX.dir/Drivers/STM32F4xx_HAL_Driver/Src/stm32f4xx_hal_cortex.c.obj
 .text.__NVIC_GetPriorityGrouping
                0x08001dc0       0x1c CMakeFiles/TimerX.dir/Drivers/STM32F4xx_HAL_Driver/Src/stm32f4xx_hal_cortex.c.obj
 .text.__NVIC_EnableIRQ
                0x08001ddc       0x3c CMakeFiles/TimerX.dir/Drivers/STM32F4xx_HAL_Driver/Src/stm32f4xx_hal_cortex.c.obj
 .text.__NVIC_SetPriority
                0x08001e18       0x54 CMakeFiles/TimerX.dir/Drivers/STM32F4xx_HAL_Driver/Src/stm32f4xx_hal_cortex.c.obj
 .text.NVIC_EncodePriority
                0x08001e6c       0x66 CMakeFiles/TimerX.dir/Drivers/STM32F4xx_HAL_Driver/Src/stm32f4xx_hal_cortex.c.obj
 *fill*         0x08001ed2        0x2 
 .text.SysTick_Config
                0x08001ed4       0x44 CMakeFiles/TimerX.dir/Drivers/STM32F4xx_HAL_Driver/Src/stm32f4xx_hal_cortex.c.obj
 .text.HAL_NVIC_SetPriorityGrouping
                0x08001f18       0x16 CMakeFiles/TimerX.dir/Drivers/STM32F4xx_HAL_Driver/Src/stm32f4xx_hal_cortex.c.obj
                0x08001f18                HAL_NVIC_SetPriorityGrouping
 .text.HAL_NVIC_SetPriority
                0x08001f2e       0x38 CMakeFiles/TimerX.dir/Drivers/STM32F4xx_HAL_Driver/Src/stm32f4xx_hal_cortex.c.obj
                0x08001f2e                HAL_NVIC_SetPriority
 .text.HAL_NVIC_EnableIRQ
                0x08001f66       0x1c CMakeFiles/TimerX.dir/Drivers/STM32F4xx_HAL_Driver/Src/stm32f4xx_hal_cortex.c.obj
                0x08001f66                HAL_NVIC_EnableIRQ
 .text.HAL_SYSTICK_Config
                0x08001f82       0x18 CMakeFiles/TimerX.dir/Drivers/STM32F4xx_HAL_Driver/Src/stm32f4xx_hal_cortex.c.obj
                0x08001f82                HAL_SYSTICK_Config
 *fill*         0x08001f9a        0x2 
 .text.HAL_Init
                0x08001f9c       0x44 CMakeFiles/TimerX.dir/Drivers/STM32F4xx_HAL_Driver/Src/stm32f4xx_hal.c.obj
                0x08001f9c                HAL_Init
 .text.HAL_InitTick
                0x08001fe0       0x60 CMakeFiles/TimerX.dir/Drivers/STM32F4xx_HAL_Driver/Src/stm32f4xx_hal.c.obj
                0x08001fe0                HAL_InitTick
 .text.HAL_IncTick
                0x08002040       0x28 CMakeFiles/TimerX.dir/Drivers/STM32F4xx_HAL_Driver/Src/stm32f4xx_hal.c.obj
                0x08002040                HAL_IncTick
 .text.HAL_GetTick
                0x08002068       0x18 CMakeFiles/TimerX.dir/Drivers/STM32F4xx_HAL_Driver/Src/stm32f4xx_hal.c.obj
                0x08002068                HAL_GetTick
 .text.SystemInit
                0x08002080       0x24 CMakeFiles/TimerX.dir/Core/Src/system_stm32f4xx.c.obj
                0x08002080                SystemInit
 .text.Reset_Handler
                0x080020a4       0x50 CMakeFiles/TimerX.dir/startup_stm32f411xe.s.obj
                0x080020a4                Reset_Handler
 .text.Default_Handler
                0x080020f4        0x2 CMakeFiles/TimerX.dir/startup_stm32f411xe.s.obj
                0x080020f4                RTC_Alarm_IRQHandler
                0x080020f4                EXTI2_IRQHandler
                0x080020f4                SPI4_IRQHandler
                0x080020f4                TIM1_CC_IRQHandler
                0x080020f4                DMA2_Stream5_IRQHandler
                0x080020f4                DMA1_Stream5_IRQHandler
                0x080020f4                SDIO_IRQHandler
                0x080020f4                TAMP_STAMP_IRQHandler
                0x080020f4                EXTI3_IRQHandler
                0x080020f4                TIM1_UP_TIM10_IRQHandler
                0x080020f4                I2C3_ER_IRQHandler
                0x080020f4                I2C2_EV_IRQHandler
                0x080020f4                DMA1_Stream2_IRQHandler
                0x080020f4                FPU_IRQHandler
                0x080020f4                DMA2_Stream2_IRQHandler
                0x080020f4                SPI1_IRQHandler
                0x080020f4                TIM1_BRK_TIM9_IRQHandler
                0x080020f4                DMA2_Stream3_IRQHandler
                0x080020f4                USART6_IRQHandler
                0x080020f4                DMA2_Stream0_IRQHandler
                0x080020f4                TIM4_IRQHandler
                0x080020f4                I2C1_EV_IRQHandler
                0x080020f4                DMA1_Stream6_IRQHandler
                0x080020f4                DMA1_Stream1_IRQHandler
                0x080020f4                TIM3_IRQHandler
                0x080020f4                RCC_IRQHandler
                0x080020f4                Default_Handler
                0x080020f4                EXTI15_10_IRQHandler
                0x080020f4                ADC_IRQHandler
                0x080020f4                DMA1_Stream7_IRQHandler
                0x080020f4                SPI5_IRQHandler
                0x080020f4                TIM5_IRQHandler
                0x080020f4                DMA2_Stream7_IRQHandler
                0x080020f4                I2C3_EV_IRQHandler
                0x080020f4                EXTI9_5_IRQHandler
                0x080020f4                RTC_WKUP_IRQHandler
                0x080020f4                SPI2_IRQHandler
                0x080020f4                DMA1_Stream0_IRQHandler
                0x080020f4                EXTI4_IRQHandler
                0x080020f4                WWDG_IRQHandler
                0x080020f4                OTG_FS_WKUP_IRQHandler
                0x080020f4                TIM1_TRG_COM_TIM11_IRQHandler
                0x080020f4                EXTI1_IRQHandler
                0x080020f4                USART2_IRQHandler
                0x080020f4                I2C2_ER_IRQHandler
                0x080020f4                DMA2_Stream1_IRQHandler
                0x080020f4                FLASH_IRQHandler
                0x080020f4                DMA2_Stream4_IRQHandler
                0x080020f4                USART1_IRQHandler
                0x080020f4                OTG_FS_IRQHandler
                0x080020f4                SPI3_IRQHandler
                0x080020f4                DMA1_Stream4_IRQHandler
                0x080020f4                I2C1_ER_IRQHandler
                0x080020f4                DMA2_Stream6_IRQHandler
                0x080020f4                DMA1_Stream3_IRQHandler
 *(.glue_7)
 .glue_7        0x080020f6        0x0 linker stubs
 *(.glue_7t)
 .glue_7t       0x080020f6        0x0 linker stubs
 *(.eh_frame)
 *fill*         0x080020f6        0x2 
 .eh_frame      0x080020f8        0x0 C:/ST/STM32CubeCLT_1.16.0/GNU-tools-for-STM32/bin/../lib/gcc/arm-none-eabi/12.3.1/thumb/v7e-m+fp/hard/crtbegin.o
 *(.init)
 .init          0x080020f8        0x4 C:/ST/STM32CubeCLT_1.16.0/GNU-tools-for-STM32/bin/../lib/gcc/arm-none-eabi/12.3.1/thumb/v7e-m+fp/hard/crti.o
                0x080020f8                _init
 .init          0x080020fc        0x8 C:/ST/STM32CubeCLT_1.16.0/GNU-tools-for-STM32/bin/../lib/gcc/arm-none-eabi/12.3.1/thumb/v7e-m+fp/hard/crtn.o
 *(.fini)
 .fini          0x08002104        0x4 C:/ST/STM32CubeCLT_1.16.0/GNU-tools-for-STM32/bin/../lib/gcc/arm-none-eabi/12.3.1/thumb/v7e-m+fp/hard/crti.o
                0x08002104                _fini
 .fini          0x08002108        0x8 C:/ST/STM32CubeCLT_1.16.0/GNU-tools-for-STM32/bin/../lib/gcc/arm-none-eabi/12.3.1/thumb/v7e-m+fp/hard/crtn.o
                0x08002110                        . = ALIGN (0x4)
                0x08002110                        _etext = .

.vfp11_veneer   0x08002110        0x0
 .vfp11_veneer  0x08002110        0x0 linker stubs

.v4_bx          0x08002110        0x0
 .v4_bx         0x08002110        0x0 linker stubs

.iplt           0x08002110        0x0
 .iplt          0x08002110        0x0 C:/ST/STM32CubeCLT_1.16.0/GNU-tools-for-STM32/bin/../lib/gcc/arm-none-eabi/12.3.1/thumb/v7e-m+fp/hard/crtbegin.o

.rodata         0x08002110       0x10
                0x08002110                        . = ALIGN (0x4)
 *(.rodata)
 *(.rodata*)
 .rodata.AHBPrescTable
                0x08002110       0x10 CMakeFiles/TimerX.dir/Core/Src/system_stm32f4xx.c.obj
                0x08002110                AHBPrescTable
                0x08002120                        . = ALIGN (0x4)

.ARM.extab
 *(.ARM.extab* .gnu.linkonce.armextab.*)

.ARM            0x08002120        0x8
                0x08002120                        __exidx_start = .
 *(.ARM.exidx*)
 .ARM.exidx     0x08002120        0x8 C:/ST/STM32CubeCLT_1.16.0/GNU-tools-for-STM32/bin/../lib/gcc/arm-none-eabi/12.3.1/thumb/v7e-m+fp/hard\libgcc.a(_udivmoddi4.o)
                0x08002128                        __exidx_end = .

.rel.dyn        0x08002128        0x0
 .rel.iplt      0x08002128        0x0 C:/ST/STM32CubeCLT_1.16.0/GNU-tools-for-STM32/bin/../lib/gcc/arm-none-eabi/12.3.1/thumb/v7e-m+fp/hard/crtbegin.o

.preinit_array  0x08002128        0x0
                0x08002128                        PROVIDE (__preinit_array_start = .)
 *(.preinit_array*)
                0x08002128                        PROVIDE (__preinit_array_end = .)

.init_array     0x08002128        0x4
                0x08002128                        PROVIDE (__init_array_start = .)
 *(SORT_BY_NAME(.init_array.*))
 *(.init_array*)
 .init_array    0x08002128        0x4 C:/ST/STM32CubeCLT_1.16.0/GNU-tools-for-STM32/bin/../lib/gcc/arm-none-eabi/12.3.1/thumb/v7e-m+fp/hard/crtbegin.o
                0x0800212c                        PROVIDE (__init_array_end = .)

.fini_array     0x0800212c        0x4
                [!provide]                        PROVIDE (__fini_array_start = .)
 *(SORT_BY_NAME(.fini_array.*))
 *(.fini_array*)
 .fini_array    0x0800212c        0x4 C:/ST/STM32CubeCLT_1.16.0/GNU-tools-for-STM32/bin/../lib/gcc/arm-none-eabi/12.3.1/thumb/v7e-m+fp/hard/crtbegin.o
                [!provide]                        PROVIDE (__fini_array_end = .)
                0x08002130                        _sidata = LOADADDR (.data)

.data           0x20000000        0xc load address 0x08002130
                0x20000000                        . = ALIGN (0x4)
                0x20000000                        _sdata = .
 *(.data)
 *(.data*)
 .data.uwTickPrio
                0x20000000        0x4 CMakeFiles/TimerX.dir/Drivers/STM32F4xx_HAL_Driver/Src/stm32f4xx_hal.c.obj
                0x20000000                uwTickPrio
 .data.uwTickFreq
                0x20000004        0x1 CMakeFiles/TimerX.dir/Drivers/STM32F4xx_HAL_Driver/Src/stm32f4xx_hal.c.obj
                0x20000004                uwTickFreq
 *fill*         0x20000005        0x3 
 .data.SystemCoreClock
                0x20000008        0x4 CMakeFiles/TimerX.dir/Core/Src/system_stm32f4xx.c.obj
                0x20000008                SystemCoreClock
                0x2000000c                        . = ALIGN (0x4)
                0x2000000c                        _edata = .

.igot.plt       0x2000000c        0x0 load address 0x0800213c
 .igot.plt      0x2000000c        0x0 C:/ST/STM32CubeCLT_1.16.0/GNU-tools-for-STM32/bin/../lib/gcc/arm-none-eabi/12.3.1/thumb/v7e-m+fp/hard/crtbegin.o
                0x2000000c                        . = ALIGN (0x4)

.bss            0x2000000c       0x68 load address 0x0800213c
                0x2000000c                        _sbss = .
                0x2000000c                        __bss_start__ = _sbss
 *(.bss)
 .bss           0x2000000c       0x1c C:/ST/STM32CubeCLT_1.16.0/GNU-tools-for-STM32/bin/../lib/gcc/arm-none-eabi/12.3.1/thumb/v7e-m+fp/hard/crtbegin.o
 *(.bss*)
 .bss.htim2     0x20000028       0x48 CMakeFiles/TimerX.dir/Core/Src/main.c.obj
                0x20000028                htim2
 .bss.uwTick    0x20000070        0x4 CMakeFiles/TimerX.dir/Drivers/STM32F4xx_HAL_Driver/Src/stm32f4xx_hal.c.obj
                0x20000070                uwTick
 *(COMMON)
                0x20000074                        . = ALIGN (0x4)
                0x20000074                        _ebss = .
                0x20000074                        __bss_end__ = _ebss

._user_heap_stack
                0x20000074      0x604 load address 0x0800213c
                0x20000078                        . = ALIGN (0x8)
 *fill*         0x20000074        0x4 
                [!provide]                        PROVIDE (end = .)
                0x20000078                        PROVIDE (_end = .)
                0x20000278                        . = (. + _Min_Heap_Size)
 *fill*         0x20000078      0x200 
                0x20000678                        . = (. + _Min_Stack_Size)
 *fill*         0x20000278      0x400 
                0x20000678                        . = ALIGN (0x8)

/DISCARD/
 libc.a(*)
 libm.a(*)
 libgcc.a(*)

.ARM.attributes
                0x00000000       0x30
 *(.ARM.attributes)
 .ARM.attributes
                0x00000000       0x22 C:/ST/STM32CubeCLT_1.16.0/GNU-tools-for-STM32/bin/../lib/gcc/arm-none-eabi/12.3.1/thumb/v7e-m+fp/hard/crti.o
 .ARM.attributes
                0x00000022       0x34 C:/ST/STM32CubeCLT_1.16.0/GNU-tools-for-STM32/bin/../lib/gcc/arm-none-eabi/12.3.1/thumb/v7e-m+fp/hard/crtbegin.o
 .ARM.attributes
                0x00000056       0x34 C:/ST/STM32CubeCLT_1.16.0/GNU-tools-for-STM32/bin/../lib/gcc/arm-none-eabi/12.3.1/../../../../arm-none-eabi/lib/thumb/v7e-m+fp/hard\libc_nano.a(libc_a-memset.o)
 .ARM.attributes
                0x0000008a       0x34 C:/ST/STM32CubeCLT_1.16.0/GNU-tools-for-STM32/bin/../lib/gcc/arm-none-eabi/12.3.1/../../../../arm-none-eabi/lib/thumb/v7e-m+fp/hard\libc_nano.a(libc_a-init.o)
 .ARM.attributes
                0x000000be       0x34 CMakeFiles/TimerX.dir/Core/Src/main.c.obj
 .ARM.attributes
                0x000000f2       0x34 CMakeFiles/TimerX.dir/Core/Src/stm32f4xx_it.c.obj
 .ARM.attributes
                0x00000126       0x34 CMakeFiles/TimerX.dir/Core/Src/stm32f4xx_hal_msp.c.obj
 .ARM.attributes
                0x0000015a       0x34 CMakeFiles/TimerX.dir/Drivers/STM32F4xx_HAL_Driver/Src/stm32f4xx_hal_tim.c.obj
 .ARM.attributes
                0x0000018e       0x34 CMakeFiles/TimerX.dir/Drivers/STM32F4xx_HAL_Driver/Src/stm32f4xx_hal_tim_ex.c.obj
 .ARM.attributes
                0x000001c2       0x34 CMakeFiles/TimerX.dir/Drivers/STM32F4xx_HAL_Driver/Src/stm32f4xx_hal_rcc.c.obj
 .ARM.attributes
                0x000001f6       0x34 CMakeFiles/TimerX.dir/Drivers/STM32F4xx_HAL_Driver/Src/stm32f4xx_hal_gpio.c.obj
 .ARM.attributes
                0x0000022a       0x34 CMakeFiles/TimerX.dir/Drivers/STM32F4xx_HAL_Driver/Src/stm32f4xx_hal_pwr.c.obj
 .ARM.attributes
                0x0000025e       0x34 CMakeFiles/TimerX.dir/Drivers/STM32F4xx_HAL_Driver/Src/stm32f4xx_hal_cortex.c.obj
 .ARM.attributes
                0x00000292       0x34 CMakeFiles/TimerX.dir/Drivers/STM32F4xx_HAL_Driver/Src/stm32f4xx_hal.c.obj
 .ARM.attributes
                0x000002c6       0x34 CMakeFiles/TimerX.dir/Core/Src/system_stm32f4xx.c.obj
 .ARM.attributes
                0x000002fa       0x21 CMakeFiles/TimerX.dir/startup_stm32f411xe.s.obj
 .ARM.attributes
                0x0000031b       0x22 C:/ST/STM32CubeCLT_1.16.0/GNU-tools-for-STM32/bin/../lib/gcc/arm-none-eabi/12.3.1/thumb/v7e-m+fp/hard\libgcc.a(_aeabi_uldivmod.o)
 .ARM.attributes
                0x0000033d       0x34 C:/ST/STM32CubeCLT_1.16.0/GNU-tools-for-STM32/bin/../lib/gcc/arm-none-eabi/12.3.1/thumb/v7e-m+fp/hard\libgcc.a(_udivmoddi4.o)
 .ARM.attributes
                0x00000371       0x22 C:/ST/STM32CubeCLT_1.16.0/GNU-tools-for-STM32/bin/../lib/gcc/arm-none-eabi/12.3.1/thumb/v7e-m+fp/hard\libgcc.a(_dvmd_tls.o)
 .ARM.attributes
                0x00000393       0x22 C:/ST/STM32CubeCLT_1.16.0/GNU-tools-for-STM32/bin/../lib/gcc/arm-none-eabi/12.3.1/thumb/v7e-m+fp/hard/crtn.o
OUTPUT(TimerX.elf elf32-littlearm)
LOAD linker stubs
LOAD C:/ST/STM32CubeCLT_1.16.0/GNU-tools-for-STM32/bin/../lib/gcc/arm-none-eabi/12.3.1/../../../../arm-none-eabi/lib/thumb/v7e-m+fp/hard\libc.a
LOAD C:/ST/STM32CubeCLT_1.16.0/GNU-tools-for-STM32/bin/../lib/gcc/arm-none-eabi/12.3.1/../../../../arm-none-eabi/lib/thumb/v7e-m+fp/hard\libm.a
LOAD C:/ST/STM32CubeCLT_1.16.0/GNU-tools-for-STM32/bin/../lib/gcc/arm-none-eabi/12.3.1/thumb/v7e-m+fp/hard\libgcc.a

.debug_frame    0x00000000     0x2998
 .debug_frame   0x00000000       0x20 C:/ST/STM32CubeCLT_1.16.0/GNU-tools-for-STM32/bin/../lib/gcc/arm-none-eabi/12.3.1/../../../../arm-none-eabi/lib/thumb/v7e-m+fp/hard\libc_nano.a(libc_a-memset.o)
 .debug_frame   0x00000020       0x2c C:/ST/STM32CubeCLT_1.16.0/GNU-tools-for-STM32/bin/../lib/gcc/arm-none-eabi/12.3.1/../../../../arm-none-eabi/lib/thumb/v7e-m+fp/hard\libc_nano.a(libc_a-init.o)
 .debug_frame   0x0000004c       0xb0 CMakeFiles/TimerX.dir/Core/Src/main.c.obj
 .debug_frame   0x000000fc      0x158 CMakeFiles/TimerX.dir/Core/Src/stm32f4xx_it.c.obj
 .debug_frame   0x00000254       0x7c CMakeFiles/TimerX.dir/Core/Src/stm32f4xx_hal_msp.c.obj
 .debug_frame   0x000002d0     0x11b8 CMakeFiles/TimerX.dir/Drivers/STM32F4xx_HAL_Driver/Src/stm32f4xx_hal_tim.c.obj
 .debug_frame   0x00001488      0x638 CMakeFiles/TimerX.dir/Drivers/STM32F4xx_HAL_Driver/Src/stm32f4xx_hal_tim_ex.c.obj
 .debug_frame   0x00001ac0      0x1f4 CMakeFiles/TimerX.dir/Drivers/STM32F4xx_HAL_Driver/Src/stm32f4xx_hal_rcc.c.obj
 .debug_frame   0x00001cb4      0x14c CMakeFiles/TimerX.dir/Drivers/STM32F4xx_HAL_Driver/Src/stm32f4xx_hal_gpio.c.obj
 .debug_frame   0x00001e00      0x264 CMakeFiles/TimerX.dir/Drivers/STM32F4xx_HAL_Driver/Src/stm32f4xx_hal_pwr.c.obj
 .debug_frame   0x00002064      0x508 CMakeFiles/TimerX.dir/Drivers/STM32F4xx_HAL_Driver/Src/stm32f4xx_hal_cortex.c.obj
 .debug_frame   0x0000256c      0x374 CMakeFiles/TimerX.dir/Drivers/STM32F4xx_HAL_Driver/Src/stm32f4xx_hal.c.obj
 .debug_frame   0x000028e0       0x58 CMakeFiles/TimerX.dir/Core/Src/system_stm32f4xx.c.obj
 .debug_frame   0x00002938       0x2c C:/ST/STM32CubeCLT_1.16.0/GNU-tools-for-STM32/bin/../lib/gcc/arm-none-eabi/12.3.1/thumb/v7e-m+fp/hard\libgcc.a(_aeabi_uldivmod.o)
 .debug_frame   0x00002964       0x34 C:/ST/STM32CubeCLT_1.16.0/GNU-tools-for-STM32/bin/../lib/gcc/arm-none-eabi/12.3.1/thumb/v7e-m+fp/hard\libgcc.a(_udivmoddi4.o)

.debug_info     0x00000000     0x928a
 .debug_info    0x00000000      0xf81 CMakeFiles/TimerX.dir/Core/Src/main.c.obj
 .debug_info    0x00000f81      0x7e8 CMakeFiles/TimerX.dir/Core/Src/stm32f4xx_it.c.obj
 .debug_info    0x00001769      0xa85 CMakeFiles/TimerX.dir/Core/Src/stm32f4xx_hal_msp.c.obj
 .debug_info    0x000021ee     0x2996 CMakeFiles/TimerX.dir/Drivers/STM32F4xx_HAL_Driver/Src/stm32f4xx_hal_tim.c.obj
 .debug_info    0x00004b84     0x14d4 CMakeFiles/TimerX.dir/Drivers/STM32F4xx_HAL_Driver/Src/stm32f4xx_hal_tim_ex.c.obj
 .debug_info    0x00006058      0x8f0 CMakeFiles/TimerX.dir/Drivers/STM32F4xx_HAL_Driver/Src/stm32f4xx_hal_rcc.c.obj
 .debug_info    0x00006948      0x6f9 CMakeFiles/TimerX.dir/Drivers/STM32F4xx_HAL_Driver/Src/stm32f4xx_hal_gpio.c.obj
 .debug_info    0x00007041      0x71b CMakeFiles/TimerX.dir/Drivers/STM32F4xx_HAL_Driver/Src/stm32f4xx_hal_pwr.c.obj
 .debug_info    0x0000775c      0xcfc CMakeFiles/TimerX.dir/Drivers/STM32F4xx_HAL_Driver/Src/stm32f4xx_hal_cortex.c.obj
 .debug_info    0x00008458      0x8c4 CMakeFiles/TimerX.dir/Drivers/STM32F4xx_HAL_Driver/Src/stm32f4xx_hal.c.obj
 .debug_info    0x00008d1c      0x53e CMakeFiles/TimerX.dir/Core/Src/system_stm32f4xx.c.obj
 .debug_info    0x0000925a       0x30 CMakeFiles/TimerX.dir/startup_stm32f411xe.s.obj

.debug_abbrev   0x00000000     0x17f0
 .debug_abbrev  0x00000000      0x262 CMakeFiles/TimerX.dir/Core/Src/main.c.obj
 .debug_abbrev  0x00000262      0x1cf CMakeFiles/TimerX.dir/Core/Src/stm32f4xx_it.c.obj
 .debug_abbrev  0x00000431      0x1c1 CMakeFiles/TimerX.dir/Core/Src/stm32f4xx_hal_msp.c.obj
 .debug_abbrev  0x000005f2      0x28b CMakeFiles/TimerX.dir/Drivers/STM32F4xx_HAL_Driver/Src/stm32f4xx_hal_tim.c.obj
 .debug_abbrev  0x0000087d      0x296 CMakeFiles/TimerX.dir/Drivers/STM32F4xx_HAL_Driver/Src/stm32f4xx_hal_tim_ex.c.obj
 .debug_abbrev  0x00000b13      0x2b6 CMakeFiles/TimerX.dir/Drivers/STM32F4xx_HAL_Driver/Src/stm32f4xx_hal_rcc.c.obj
 .debug_abbrev  0x00000dc9      0x1d3 CMakeFiles/TimerX.dir/Drivers/STM32F4xx_HAL_Driver/Src/stm32f4xx_hal_gpio.c.obj
 .debug_abbrev  0x00000f9c      0x1ae CMakeFiles/TimerX.dir/Drivers/STM32F4xx_HAL_Driver/Src/stm32f4xx_hal_pwr.c.obj
 .debug_abbrev  0x0000114a      0x31d CMakeFiles/TimerX.dir/Drivers/STM32F4xx_HAL_Driver/Src/stm32f4xx_hal_cortex.c.obj
 .debug_abbrev  0x00001467      0x24b CMakeFiles/TimerX.dir/Drivers/STM32F4xx_HAL_Driver/Src/stm32f4xx_hal.c.obj
 .debug_abbrev  0x000016b2      0x11a CMakeFiles/TimerX.dir/Core/Src/system_stm32f4xx.c.obj
 .debug_abbrev  0x000017cc       0x24 CMakeFiles/TimerX.dir/startup_stm32f411xe.s.obj

.debug_aranges  0x00000000      0xa10
 .debug_aranges
                0x00000000       0x40 CMakeFiles/TimerX.dir/Core/Src/main.c.obj
 .debug_aranges
                0x00000040       0x78 CMakeFiles/TimerX.dir/Core/Src/stm32f4xx_it.c.obj
 .debug_aranges
                0x000000b8       0x30 CMakeFiles/TimerX.dir/Core/Src/stm32f4xx_hal_msp.c.obj
 .debug_aranges
                0x000000e8      0x3d0 CMakeFiles/TimerX.dir/Drivers/STM32F4xx_HAL_Driver/Src/stm32f4xx_hal_tim.c.obj
 .debug_aranges
                0x000004b8      0x168 CMakeFiles/TimerX.dir/Drivers/STM32F4xx_HAL_Driver/Src/stm32f4xx_hal_tim_ex.c.obj
 .debug_aranges
                0x00000620       0x88 CMakeFiles/TimerX.dir/Drivers/STM32F4xx_HAL_Driver/Src/stm32f4xx_hal_rcc.c.obj
 .debug_aranges
                0x000006a8       0x58 CMakeFiles/TimerX.dir/Drivers/STM32F4xx_HAL_Driver/Src/stm32f4xx_hal_gpio.c.obj
 .debug_aranges
                0x00000700       0xa0 CMakeFiles/TimerX.dir/Drivers/STM32F4xx_HAL_Driver/Src/stm32f4xx_hal_pwr.c.obj
 .debug_aranges
                0x000007a0      0x130 CMakeFiles/TimerX.dir/Drivers/STM32F4xx_HAL_Driver/Src/stm32f4xx_hal_cortex.c.obj
 .debug_aranges
                0x000008d0       0xf0 CMakeFiles/TimerX.dir/Drivers/STM32F4xx_HAL_Driver/Src/stm32f4xx_hal.c.obj
 .debug_aranges
                0x000009c0       0x28 CMakeFiles/TimerX.dir/Core/Src/system_stm32f4xx.c.obj
 .debug_aranges
                0x000009e8       0x28 CMakeFiles/TimerX.dir/startup_stm32f411xe.s.obj

.debug_rnglists
                0x00000000      0x7bc
 .debug_rnglists
                0x00000000       0x2e CMakeFiles/TimerX.dir/Core/Src/main.c.obj
 .debug_rnglists
                0x0000002e       0x55 CMakeFiles/TimerX.dir/Core/Src/stm32f4xx_it.c.obj
 .debug_rnglists
                0x00000083       0x1f CMakeFiles/TimerX.dir/Core/Src/stm32f4xx_hal_msp.c.obj
 .debug_rnglists
                0x000000a2      0x31a CMakeFiles/TimerX.dir/Drivers/STM32F4xx_HAL_Driver/Src/stm32f4xx_hal_tim.c.obj
 .debug_rnglists
                0x000003bc      0x125 CMakeFiles/TimerX.dir/Drivers/STM32F4xx_HAL_Driver/Src/stm32f4xx_hal_tim_ex.c.obj
 .debug_rnglists
                0x000004e1       0x66 CMakeFiles/TimerX.dir/Drivers/STM32F4xx_HAL_Driver/Src/stm32f4xx_hal_rcc.c.obj
 .debug_rnglists
                0x00000547       0x3f CMakeFiles/TimerX.dir/Drivers/STM32F4xx_HAL_Driver/Src/stm32f4xx_hal_gpio.c.obj
 .debug_rnglists
                0x00000586       0x74 CMakeFiles/TimerX.dir/Drivers/STM32F4xx_HAL_Driver/Src/stm32f4xx_hal_pwr.c.obj
 .debug_rnglists
                0x000005fa       0xe0 CMakeFiles/TimerX.dir/Drivers/STM32F4xx_HAL_Driver/Src/stm32f4xx_hal_cortex.c.obj
 .debug_rnglists
                0x000006da       0xaf CMakeFiles/TimerX.dir/Drivers/STM32F4xx_HAL_Driver/Src/stm32f4xx_hal.c.obj
 .debug_rnglists
                0x00000789       0x1a CMakeFiles/TimerX.dir/Core/Src/system_stm32f4xx.c.obj
 .debug_rnglists
                0x000007a3       0x19 CMakeFiles/TimerX.dir/startup_stm32f411xe.s.obj

.debug_macro    0x00000000    0x152e4
 .debug_macro   0x00000000      0x1d3 CMakeFiles/TimerX.dir/Core/Src/main.c.obj
 .debug_macro   0x000001d3      0xab4 CMakeFiles/TimerX.dir/Core/Src/main.c.obj
 .debug_macro   0x00000c87      0x295 CMakeFiles/TimerX.dir/Core/Src/main.c.obj
 .debug_macro   0x00000f1c       0x2e CMakeFiles/TimerX.dir/Core/Src/main.c.obj
 .debug_macro   0x00000f4a       0x28 CMakeFiles/TimerX.dir/Core/Src/main.c.obj
 .debug_macro   0x00000f72       0x22 CMakeFiles/TimerX.dir/Core/Src/main.c.obj
 .debug_macro   0x00000f94       0x8e CMakeFiles/TimerX.dir/Core/Src/main.c.obj
 .debug_macro   0x00001022       0x51 CMakeFiles/TimerX.dir/Core/Src/main.c.obj
 .debug_macro   0x00001073      0x103 CMakeFiles/TimerX.dir/Core/Src/main.c.obj
 .debug_macro   0x00001176       0x6a CMakeFiles/TimerX.dir/Core/Src/main.c.obj
 .debug_macro   0x000011e0      0x1df CMakeFiles/TimerX.dir/Core/Src/main.c.obj
 .debug_macro   0x000013bf       0x1c CMakeFiles/TimerX.dir/Core/Src/main.c.obj
 .debug_macro   0x000013db       0x22 CMakeFiles/TimerX.dir/Core/Src/main.c.obj
 .debug_macro   0x000013fd       0xfb CMakeFiles/TimerX.dir/Core/Src/main.c.obj
 .debug_macro   0x000014f8     0x1011 CMakeFiles/TimerX.dir/Core/Src/main.c.obj
 .debug_macro   0x00002509      0x11f CMakeFiles/TimerX.dir/Core/Src/main.c.obj
 .debug_macro   0x00002628     0xb953 CMakeFiles/TimerX.dir/Core/Src/main.c.obj
 .debug_macro   0x0000df7b       0x6d CMakeFiles/TimerX.dir/Core/Src/main.c.obj
 .debug_macro   0x0000dfe8     0x369a CMakeFiles/TimerX.dir/Core/Src/main.c.obj
 .debug_macro   0x00011682      0x189 CMakeFiles/TimerX.dir/Core/Src/main.c.obj
 .debug_macro   0x0001180b       0x5c CMakeFiles/TimerX.dir/Core/Src/main.c.obj
 .debug_macro   0x00011867      0x45c CMakeFiles/TimerX.dir/Core/Src/main.c.obj
 .debug_macro   0x00011cc3      0x9e9 CMakeFiles/TimerX.dir/Core/Src/main.c.obj
 .debug_macro   0x000126ac      0x115 CMakeFiles/TimerX.dir/Core/Src/main.c.obj
 .debug_macro   0x000127c1      0x11b CMakeFiles/TimerX.dir/Core/Src/main.c.obj
 .debug_macro   0x000128dc       0xa5 CMakeFiles/TimerX.dir/Core/Src/main.c.obj
 .debug_macro   0x00012981      0x15f CMakeFiles/TimerX.dir/Core/Src/main.c.obj
 .debug_macro   0x00012ae0      0x287 CMakeFiles/TimerX.dir/Core/Src/main.c.obj
 .debug_macro   0x00012d67       0x5f CMakeFiles/TimerX.dir/Core/Src/main.c.obj
 .debug_macro   0x00012dc6      0x236 CMakeFiles/TimerX.dir/Core/Src/main.c.obj
 .debug_macro   0x00012ffc      0x132 CMakeFiles/TimerX.dir/Core/Src/main.c.obj
 .debug_macro   0x0001312e      0x264 CMakeFiles/TimerX.dir/Core/Src/main.c.obj
 .debug_macro   0x00013392       0x2e CMakeFiles/TimerX.dir/Core/Src/main.c.obj
 .debug_macro   0x000133c0      0x127 CMakeFiles/TimerX.dir/Core/Src/main.c.obj
 .debug_macro   0x000134e7       0x85 CMakeFiles/TimerX.dir/Core/Src/main.c.obj
 .debug_macro   0x0001356c       0x89 CMakeFiles/TimerX.dir/Core/Src/main.c.obj
 .debug_macro   0x000135f5      0x8ed CMakeFiles/TimerX.dir/Core/Src/main.c.obj
 .debug_macro   0x00013ee2       0x47 CMakeFiles/TimerX.dir/Core/Src/main.c.obj
 .debug_macro   0x00013f29      0x126 CMakeFiles/TimerX.dir/Core/Src/main.c.obj
 .debug_macro   0x0001404f       0x22 CMakeFiles/TimerX.dir/Core/Src/main.c.obj
 .debug_macro   0x00014071      0x1dd CMakeFiles/TimerX.dir/Core/Src/stm32f4xx_it.c.obj
 .debug_macro   0x0001424e      0x1d3 CMakeFiles/TimerX.dir/Core/Src/stm32f4xx_hal_msp.c.obj
 .debug_macro   0x00014421      0x1c5 CMakeFiles/TimerX.dir/Drivers/STM32F4xx_HAL_Driver/Src/stm32f4xx_hal_tim.c.obj
 .debug_macro   0x000145e6      0x1c4 CMakeFiles/TimerX.dir/Drivers/STM32F4xx_HAL_Driver/Src/stm32f4xx_hal_tim_ex.c.obj
 .debug_macro   0x000147aa      0x1e8 CMakeFiles/TimerX.dir/Drivers/STM32F4xx_HAL_Driver/Src/stm32f4xx_hal_rcc.c.obj
 .debug_macro   0x00014992      0x1ca CMakeFiles/TimerX.dir/Drivers/STM32F4xx_HAL_Driver/Src/stm32f4xx_hal_gpio.c.obj
 .debug_macro   0x00014b5c      0x1dc CMakeFiles/TimerX.dir/Drivers/STM32F4xx_HAL_Driver/Src/stm32f4xx_hal_pwr.c.obj
 .debug_macro   0x00014d38      0x1c4 CMakeFiles/TimerX.dir/Drivers/STM32F4xx_HAL_Driver/Src/stm32f4xx_hal_cortex.c.obj
 .debug_macro   0x00014efc      0x224 CMakeFiles/TimerX.dir/Drivers/STM32F4xx_HAL_Driver/Src/stm32f4xx_hal.c.obj
 .debug_macro   0x00015120      0x1c4 CMakeFiles/TimerX.dir/Core/Src/system_stm32f4xx.c.obj

.debug_line     0x00000000     0xa917
 .debug_line    0x00000000      0x830 CMakeFiles/TimerX.dir/Core/Src/main.c.obj
 .debug_line    0x00000830      0x844 CMakeFiles/TimerX.dir/Core/Src/stm32f4xx_it.c.obj
 .debug_line    0x00001074      0x776 CMakeFiles/TimerX.dir/Core/Src/stm32f4xx_hal_msp.c.obj
 .debug_line    0x000017ea     0x35a4 CMakeFiles/TimerX.dir/Drivers/STM32F4xx_HAL_Driver/Src/stm32f4xx_hal_tim.c.obj
 .debug_line    0x00004d8e     0x19b7 CMakeFiles/TimerX.dir/Drivers/STM32F4xx_HAL_Driver/Src/stm32f4xx_hal_tim_ex.c.obj
 .debug_line    0x00006745      0xdaf CMakeFiles/TimerX.dir/Drivers/STM32F4xx_HAL_Driver/Src/stm32f4xx_hal_rcc.c.obj
 .debug_line    0x000074f4      0xb76 CMakeFiles/TimerX.dir/Drivers/STM32F4xx_HAL_Driver/Src/stm32f4xx_hal_gpio.c.obj
 .debug_line    0x0000806a      0x938 CMakeFiles/TimerX.dir/Drivers/STM32F4xx_HAL_Driver/Src/stm32f4xx_hal_pwr.c.obj
 .debug_line    0x000089a2      0xd18 CMakeFiles/TimerX.dir/Drivers/STM32F4xx_HAL_Driver/Src/stm32f4xx_hal_cortex.c.obj
 .debug_line    0x000096ba      0xa26 CMakeFiles/TimerX.dir/Drivers/STM32F4xx_HAL_Driver/Src/stm32f4xx_hal.c.obj
 .debug_line    0x0000a0e0      0x7bd CMakeFiles/TimerX.dir/Core/Src/system_stm32f4xx.c.obj
 .debug_line    0x0000a89d       0x7a CMakeFiles/TimerX.dir/startup_stm32f411xe.s.obj

.debug_str      0x00000000    0x882b1
 .debug_str     0x00000000    0x85c2a CMakeFiles/TimerX.dir/Core/Src/main.c.obj
                              0x85f6a (size before relaxing)
 .debug_str     0x00085c2a      0x171 CMakeFiles/TimerX.dir/Core/Src/stm32f4xx_it.c.obj
                              0x85857 (size before relaxing)
 .debug_str     0x00085d9b       0xa7 CMakeFiles/TimerX.dir/Core/Src/stm32f4xx_hal_msp.c.obj
                              0x85c0f (size before relaxing)
 .debug_str     0x00085e42      0xe34 CMakeFiles/TimerX.dir/Drivers/STM32F4xx_HAL_Driver/Src/stm32f4xx_hal_tim.c.obj
                              0x8667d (size before relaxing)
 .debug_str     0x00086c76      0x4c4 CMakeFiles/TimerX.dir/Drivers/STM32F4xx_HAL_Driver/Src/stm32f4xx_hal_tim_ex.c.obj
                              0x85e89 (size before relaxing)
 .debug_str     0x0008713a      0x2f2 CMakeFiles/TimerX.dir/Drivers/STM32F4xx_HAL_Driver/Src/stm32f4xx_hal_rcc.c.obj
                              0x85739 (size before relaxing)
 .debug_str     0x0008742c      0x136 CMakeFiles/TimerX.dir/Drivers/STM32F4xx_HAL_Driver/Src/stm32f4xx_hal_gpio.c.obj
                              0x85480 (size before relaxing)
 .debug_str     0x00087562      0x2d6 CMakeFiles/TimerX.dir/Drivers/STM32F4xx_HAL_Driver/Src/stm32f4xx_hal_pwr.c.obj
                              0x8553b (size before relaxing)
 .debug_str     0x00087838      0x3e9 CMakeFiles/TimerX.dir/Drivers/STM32F4xx_HAL_Driver/Src/stm32f4xx_hal_cortex.c.obj
                              0x85a9b (size before relaxing)
 .debug_str     0x00087c21      0x5af CMakeFiles/TimerX.dir/Drivers/STM32F4xx_HAL_Driver/Src/stm32f4xx_hal.c.obj
                              0x85d31 (size before relaxing)
 .debug_str     0x000881d0       0x7b CMakeFiles/TimerX.dir/Core/Src/system_stm32f4xx.c.obj
                              0x85305 (size before relaxing)
 .debug_str     0x0008824b       0x66 CMakeFiles/TimerX.dir/startup_stm32f411xe.s.obj
                                 0xa6 (size before relaxing)

.comment        0x00000000       0x43
 .comment       0x00000000       0x43 CMakeFiles/TimerX.dir/Core/Src/main.c.obj
                                 0x44 (size before relaxing)
 .comment       0x00000043       0x44 CMakeFiles/TimerX.dir/Core/Src/stm32f4xx_it.c.obj
 .comment       0x00000043       0x44 CMakeFiles/TimerX.dir/Core/Src/stm32f4xx_hal_msp.c.obj
 .comment       0x00000043       0x44 CMakeFiles/TimerX.dir/Drivers/STM32F4xx_HAL_Driver/Src/stm32f4xx_hal_tim.c.obj
 .comment       0x00000043       0x44 CMakeFiles/TimerX.dir/Drivers/STM32F4xx_HAL_Driver/Src/stm32f4xx_hal_tim_ex.c.obj
 .comment       0x00000043       0x44 CMakeFiles/TimerX.dir/Drivers/STM32F4xx_HAL_Driver/Src/stm32f4xx_hal_rcc.c.obj
 .comment       0x00000043       0x44 CMakeFiles/TimerX.dir/Drivers/STM32F4xx_HAL_Driver/Src/stm32f4xx_hal_gpio.c.obj
 .comment       0x00000043       0x44 CMakeFiles/TimerX.dir/Drivers/STM32F4xx_HAL_Driver/Src/stm32f4xx_hal_pwr.c.obj
 .comment       0x00000043       0x44 CMakeFiles/TimerX.dir/Drivers/STM32F4xx_HAL_Driver/Src/stm32f4xx_hal_cortex.c.obj
 .comment       0x00000043       0x44 CMakeFiles/TimerX.dir/Drivers/STM32F4xx_HAL_Driver/Src/stm32f4xx_hal.c.obj
 .comment       0x00000043       0x44 CMakeFiles/TimerX.dir/Core/Src/system_stm32f4xx.c.obj

.debug_line_str
                0x00000000       0x8a
 .debug_line_str
                0x00000000       0x8a CMakeFiles/TimerX.dir/startup_stm32f411xe.s.obj
